
> backend@1.0.0 test
> node --test "tests/**/*.test.js"

TAP version 13
# Subtest: rupeesToPaisa converts and guards
ok 1 - rupeesToPaisa converts and guards
  ---
  duration_ms: 3.2644
  type: 'test'
  ...
# Subtest: clampPct bounds to [0,100]
ok 2 - clampPct bounds to [0,100]
  ---
  duration_ms: 0.5303
  type: 'test'
  ...
# Subtest: legacy hospital reproduces nested numbers exactly (bill 10,000)
not ok 3 - legacy hospital reproduces nested numbers exactly (bill 10,000)
  ---
  duration_ms: 3.5332
  type: 'test'
  location: 'E:\\Projects\\CaseBridgeProject\\CareBridgeUpdate\\backend\\tests\\commissionService.test.js:30:1'
  failureType: 'testCodeFailure'
  error: |-
    Expected values to be strictly equal:
    
    0 !== 120000
    
  code: 'ERR_ASSERTION'
  name: 'AssertionError'
  expected: 120000
  actual: 0
  operator: 'strictEqual'
  stack: |-
    TestContext.<anonymous> (E:\Projects\CaseBridgeProject\CareBridgeUpdate\backend\tests\commissionService.test.js:35:10)
    Test.runInAsyncScope (node:async_hooks:214:14)
    Test.run (node:internal/test_runner/test:1047:25)
    Test.processPendingSubtests (node:internal/test_runner/test:744:18)
    Test.postRun (node:internal/test_runner/test:1173:19)
    Test.run (node:internal/test_runner/test:1101:12)
    async Test.processPendingSubtests (node:internal/test_runner/test:744:7)
  ...
# Subtest: legacy lab reproduces nested numbers with discount
ok 4 - legacy lab reproduces nested numbers with discount
  ---
  duration_ms: 1.4614
  type: 'test'
  ...
# Subtest: additive hospital on FIXED platform: applies to every consultant
not ok 5 - additive hospital on FIXED platform: applies to every consultant
  ---
  duration_ms: 1.7821
  type: 'test'
  location: 'E:\\Projects\\CaseBridgeProject\\CareBridgeUpdate\\backend\\tests\\commissionService.test.js:57:1'
  failureType: 'testCodeFailure'
  error: |-
    Expected values to be strictly equal:
    + actual - expected
    
    + 300000
    - 1300000
    
  code: 'ERR_ASSERTION'
  name: 'AssertionError'
  expected: 1300000
  actual: 300000
  operator: 'strictEqual'
  stack: |-
    TestContext.<anonymous> (E:\Projects\CaseBridgeProject\CareBridgeUpdate\backend\tests\commissionService.test.js:65:10)
    Test.runInAsyncScope (node:async_hooks:214:14)
    Test.run (node:internal/test_runner/test:1047:25)
    Test.processPendingSubtests (node:internal/test_runner/test:744:18)
    Test.postRun (node:internal/test_runner/test:1173:19)
    Test.run (node:internal/test_runner/test:1101:12)
    async Test.processPendingSubtests (node:internal/test_runner/test:744:7)
  ...
# Subtest: additive hospital on PERCENTAGE platform: applies to every consultant
not ok 6 - additive hospital on PERCENTAGE platform: applies to every consultant
  ---
  duration_ms: 0.5597
  type: 'test'
  location: 'E:\\Projects\\CaseBridgeProject\\CareBridgeUpdate\\backend\\tests\\commissionService.test.js:69:1'
  failureType: 'testCodeFailure'
  error: |-
    Expected values to be strictly equal:
    + actual - expected
    
    + 1000000
    - 2000000
    
  code: 'ERR_ASSERTION'
  name: 'AssertionError'
  expected: 2000000
  actual: 1000000
  operator: 'strictEqual'
  stack: |-
    TestContext.<anonymous> (E:\Projects\CaseBridgeProject\CareBridgeUpdate\backend\tests\commissionService.test.js:77:10)
    Test.runInAsyncScope (node:async_hooks:214:14)
    Test.run (node:internal/test_runner/test:1047:25)
    Test.processPendingSubtests (node:internal/test_runner/test:744:18)
    Test.postRun (node:internal/test_runner/test:1173:19)
    Test.run (node:internal/test_runner/test:1101:12)
    async Test.processPendingSubtests (node:internal/test_runner/test:744:7)
  ...
# Subtest: additive lab on FIXED platform: Rs/test for every consultant
ok 7 - additive lab on FIXED platform: Rs/test for every consultant
  ---
  duration_ms: 0.4284
  type: 'test'
  ...
# Subtest: additive lab on PERCENTAGE platform: %/test for every consultant
ok 8 - additive lab on PERCENTAGE platform: %/test for every consultant
  ---
  duration_ms: 0.3698
  type: 'test'
  ...
# Subtest: additive lab high-volume: per-facility override raises platform/test, commission unchanged
ok 9 - additive lab high-volume: per-facility override raises platform/test, commission unchanged
  ---
  duration_ms: 0.8758
  type: 'test'
  ...
# Subtest: additive hospital: per-consultant override changes ONLY the platform fee, commission unchanged
not ok 10 - additive hospital: per-consultant override changes ONLY the platform fee, commission unchanged
  ---
  duration_ms: 1.1573
  type: 'test'
  location: 'E:\\Projects\\CaseBridgeProject\\CareBridgeUpdate\\backend\\tests\\commissionService.test.js:120:1'
  failureType: 'testCodeFailure'
  error: |-
    Expected values to be strictly equal:
    
    0 !== 750000
    
  code: 'ERR_ASSERTION'
  name: 'AssertionError'
  expected: 750000
  actual: 0
  operator: 'strictEqual'
  stack: |-
    TestContext.<anonymous> (E:\Projects\CaseBridgeProject\CareBridgeUpdate\backend\tests\commissionService.test.js:132:10)
    Test.runInAsyncScope (node:async_hooks:214:14)
    Test.run (node:internal/test_runner/test:1047:25)
    Test.processPendingSubtests (node:internal/test_runner/test:744:18)
    Test.postRun (node:internal/test_runner/test:1173:19)
    Test.run (node:internal/test_runner/test:1101:12)
    async Test.processPendingSubtests (node:internal/test_runner/test:744:7)
  ...
# Subtest: legacy hospital: per-consultant override applies additively, nested commission preserved
not ok 11 - legacy hospital: per-consultant override applies additively, nested commission preserved
  ---
  duration_ms: 0.9043
  type: 'test'
  location: 'E:\\Projects\\CaseBridgeProject\\CareBridgeUpdate\\backend\\tests\\commissionService.test.js:142:1'
  failureType: 'testCodeFailure'
  error: |-
    Expected values to be strictly equal:
    
    0 !== 120000
    
  code: 'ERR_ASSERTION'
  name: 'AssertionError'
  expected: 120000
  actual: 0
  operator: 'strictEqual'
  stack: |-
    TestContext.<anonymous> (E:\Projects\CaseBridgeProject\CareBridgeUpdate\backend\tests\commissionService.test.js:154:10)
    Test.runInAsyncScope (node:async_hooks:214:14)
    Test.run (node:internal/test_runner/test:1047:25)
    Test.processPendingSubtests (node:internal/test_runner/test:744:18)
    Test.postRun (node:internal/test_runner/test:1173:19)
    Test.run (node:internal/test_runner/test:1101:12)
    async Test.processPendingSubtests (node:internal/test_runner/test:744:7)
  ...
# Subtest: override for a DIFFERENT hospital does not apply
ok 12 - override for a DIFFERENT hospital does not apply
  ---
  duration_ms: 0.5995
  type: 'test'
  ...
# Subtest: additive lab: per-consultant override changes ONLY the per-test platform fee
ok 13 - additive lab: per-consultant override changes ONLY the per-test platform fee
  ---
  duration_ms: 0.4585
  type: 'test'
  ...
# Subtest: legacy lab: per-consultant override applies per-test additively, commission preserved
ok 14 - legacy lab: per-consultant override applies per-test additively, commission preserved
  ---
  duration_ms: 0.6023
  type: 'test'
  ...
# Subtest: identity totalCut === doctorCommission + platformCharge across modes
ok 15 - identity totalCut === doctorCommission + platformCharge across modes
  ---
  duration_ms: 0.5592
  type: 'test'
  ...
# Subtest: zero bill: percentage parties -> 0
ok 16 - zero bill: percentage parties -> 0
  ---
  duration_ms: 0.2257
  type: 'test'
  ...
# Subtest: additive fixed platform still owed on tiny bill (facilityKeeps may be negative)
not ok 17 - additive fixed platform still owed on tiny bill (facilityKeeps may be negative)
  ---
  duration_ms: 0.5373
  type: 'test'
  location: 'E:\\Projects\\CaseBridgeProject\\CareBridgeUpdate\\backend\\tests\\commissionService.test.js:238:1'
  failureType: 'testCodeFailure'
  error: |-
    Expected values to be strictly equal:
    
    50000 !== 200000
    
  code: 'ERR_ASSERTION'
  name: 'AssertionError'
  expected: 200000
  actual: 50000
  operator: 'strictEqual'
  stack: |-
    TestContext.<anonymous> (E:\Projects\CaseBridgeProject\CareBridgeUpdate\backend\tests\commissionService.test.js:243:10)
    Test.runInAsyncScope (node:async_hooks:214:14)
    Test.run (node:internal/test_runner/test:1047:25)
    Test.processPendingSubtests (node:internal/test_runner/test:744:18)
    Test.postRun (node:internal/test_runner/test:1173:19)
    Test.run (node:internal/test_runner/test:1101:12)
    async Test.processPendingSubtests (node:internal/test_runner/test:744:7)
  ...
# Subtest: encrypt ΓåÆ decrypt round-trips the original value
ok 18 - encrypt ΓåÆ decrypt round-trips the original value
  ---
  duration_ms: 6.5232
  type: 'test'
  ...
# Subtest: encrypt produces a different ciphertext each call (random IV)
ok 19 - encrypt produces a different ciphertext each call (random IV)
  ---
  duration_ms: 1.454
  type: 'test'
  ...
# Subtest: empty / falsy values pass through untouched
ok 20 - empty / falsy values pass through untouched
  ---
  duration_ms: 0.4364
  type: 'test'
  ...
# Subtest: decrypt leaves a non-encrypted (no colon) value unchanged
ok 21 - decrypt leaves a non-encrypted (no colon) value unchanged
  ---
  duration_ms: 0.3975
  type: 'test'
  ...
# Subtest: buildReferralRecordPdf produces a valid PDF
ok 22 - buildReferralRecordPdf produces a valid PDF
  ---
  duration_ms: 115.3468
  type: 'test'
  ...
# Subtest: a short referral record with no documents is exactly one page
ok 23 - a short referral record with no documents is exactly one page
  ---
  duration_ms: 57.7076
  type: 'test'
  ...
# Subtest: an image attachment is embedded as an extra page (not a link)
ok 24 - an image attachment is embedded as an extra page (not a link)
  ---
  duration_ms: 76.5146
  type: 'test'
  ...
# Subtest: a PDF attachment is merged page-for-page
ok 25 - a PDF attachment is merged page-for-page
  ---
  duration_ms: 122.058
  type: 'test'
  ...
# Subtest: buildConsultantReferralsPdf produces a valid PDF
ok 26 - buildConsultantReferralsPdf produces a valid PDF
  ---
  duration_ms: 20.6423
  type: 'test'
  ...
# Subtest: buildHospitalRecordsPdf produces a valid PDF (empty roster)
ok 27 - buildHospitalRecordsPdf produces a valid PDF (empty roster)
  ---
  duration_ms: 28.2472
  type: 'test'
  ...
# Subtest: buildConsultantFilePdf produces a valid PDF and embeds verification documents
ok 28 - buildConsultantFilePdf produces a valid PDF and embeds verification documents
  ---
  duration_ms: 35.3696
  type: 'test'
  ...
# Subtest: buildHospitalFilePdf produces a valid PDF (empty collections)
ok 29 - buildHospitalFilePdf produces a valid PDF (empty collections)
  ---
  duration_ms: 34.3908
  type: 'test'
  ...
# Subtest: buildLabReferralRecordPdf produces a valid PDF and merges report PDFs
ok 30 - buildLabReferralRecordPdf produces a valid PDF and merges report PDFs
  ---
  duration_ms: 37.8198
  type: 'test'
  ...
# Subtest: a short lab record with no documents is exactly one page
ok 31 - a short lab record with no documents is exactly one page
  ---
  duration_ms: 25.8554
  type: 'test'
  ...
# Subtest: buildLabReferralsRosterPdf produces valid PDFs (consultant + lab views)
ok 32 - buildLabReferralsRosterPdf produces valid PDFs (consultant + lab views)
  ---
  duration_ms: 44.4371
  type: 'test'
  ...
# Subtest: buildLaboratoryFilePdf produces a valid PDF (and empty)
ok 33 - buildLaboratoryFilePdf produces a valid PDF (and empty)
  ---
  duration_ms: 62.0814
  type: 'test'
  ...
# Subtest: scores a fully-matching hospital with the expected breakdown
ok 34 - scores a fully-matching hospital with the expected breakdown
  ---
  duration_ms: 3.3
  type: 'test'
  ...
# Subtest: returns null when the hospital lacks the required department
ok 35 - returns null when the hospital lacks the required department
  ---
  duration_ms: 0.3238
  type: 'test'
  ...
# Subtest: returns null when the target ward has no available beds
ok 36 - returns null when the target ward has no available beds
  ---
  duration_ms: 0.3324
  type: 'test'
  ...
# Subtest: emergency referrals require an ICU bed
ok 37 - emergency referrals require an ICU bed
  ---
  duration_ms: 0.3941
  type: 'test'
  ...
# Subtest: totalScore is capped at 100
ok 38 - totalScore is capped at 100
  ---
  duration_ms: 0.4788
  type: 'test'
  ...
# Subtest: calculateDistance returns ~0 for identical coordinates
ok 39 - calculateDistance returns ~0 for identical coordinates
  ---
  duration_ms: 0.3874
  type: 'test'
  ...
# Subtest: isAncestorOf: direct creator and ancestor chain
ok 40 - isAncestorOf: direct creator and ancestor chain
  ---
  duration_ms: 19.4826
  type: 'test'
  ...
1..40
# tests 40
# suites 0
# pass 34
# fail 6
# cancelled 0
# skipped 0
# todo 0
# duration_ms 2135.052
